
  –ò–∑–º–µ–Ω–∏—Ç—å –ø—Ä–∞–≤–∞ –¥–æ—Å—Ç—É–ø–∞ —Ñ–∞–π–ª—É –∏–ª–∏ –ø–∞–ø–∫–µ.
  –ë–æ–ª—å—à–µ –∏–Ω—Ñ–æ—Ä–º–∞—Ü–∏–∏: <https://www.gnu.org/software/coreutils/chmod>.

  [32m–î–∞—Ç—å [u]–ø–æ–ª—å–∑–æ–≤–∞—Ç–µ–ª—é, –∫–æ—Ç–æ—Ä—ã–π –≤–ª–∞–¥–µ–µ—Ç —Ñ–∞–π–ª–æ–º, –ø—Ä–∞–≤–∞ –Ω–∞ –µ–≥–æ [x]–∏—Å–ø–æ–ª–Ω–µ–Ω–∏–µ:[0m

[36m      [0m[36mchmod[0m[36m u+x [0m[4;36m—Ñ–∞–π–ª[0m

  [32m–î–∞—Ç—å –ø—Ä–∞–≤–∞ [u]–ø–æ–ª—å–∑–æ–≤–∞—Ç–µ–ª—é –ø—Ä–∞–≤–∞ [r]—á—Ç–µ–Ω–∏—è –∏ [w]–∑–∞–ø–∏—Å–∏ –≤ —Ñ–∞–π–ª/–ø–∞–ø–∫—É:[0m

[36m      [0m[36mchmod[0m[36m u+rw [0m[4;36m—Ñ–∞–π–ª_–∏–ª–∏_–ø–∞–ø–∫–∞[0m

  [32m–£–±—Ä–∞—Ç—å –ø—Ä–∞–≤–∞ –Ω–∞ [x]–∏—Å–ø–æ–ª–Ω–µ–Ω–∏–µ —É [g]–≥—Ä—É–ø–ø—ã:[0m

[36m      [0m[36mchmod[0m[36m g-x [0m[4;36m—Ñ–∞–π–ª[0m

  [32m–î–∞—Ç—å [a]–≤—Å–µ–º –ø–æ–ª—å–∑–æ–≤–∞—Ç–µ–ª—è–º –ø—Ä–∞–≤–∞ –Ω–∞ [r]—á—Ç–µ–Ω–∏–µ –∏ [x]–∏—Å–ø–æ–ª–µ–Ω–µ–∏–µ:[0m

[36m      [0m[36mchmod[0m[36m a+rx [0m[4;36m—Ñ–∞–π–ª[0m

  [32m–î–∞—Ç—å [o]–¥—Ä—É–≥–∏–º (–Ω–µ –∏–∑ –≥—Ä—É–ø–ø—ã –≤–ª–∞–¥–µ–ª—å—Ü–µ–≤ —Ñ–∞–π–ª–æ–º) —Ç–∞–∫–∏–µ –∂–µ –ø—Ä–∞–≤–∞ –∫–∞–∫ –∏ —É [g]–≥—Ä—É–ø–ø—ã:[0m

[36m      [0m[36mchmod[0m[36m o=g [0m[4;36m—Ñ–∞–π–ª[0m

  [32m–£–±—Ä–∞—Ç—å –≤—Å–µ –ø—Ä–∞–≤–∞ —É [o]–¥—Ä—É–≥–∏—Ö:[0m

[36m      [0m[36mchmod[0m[36m o= [0m[4;36m—Ñ–∞–π–ª[0m

  [32m–ò–∑–º–µ–Ω–∏—Ç—å –ø—Ä–∞–≤–∞ —Ä–µ–∫—É—Ä—Å–∏–≤–Ω–æ, –¥–∞–≤ [g]–≥—Ä—É–ø–ø–µ –∏ [o]–¥—Ä—É–≥–∏–º –≤–æ–∑–º–æ–∂–Ω–æ—Å—Ç—å [w]–∑–∞–ø–∏—Å–∏ –≤ –ø–∞–ø–∫—É:[0m

[36m      [0m[36mchmod[0m[36m -R g+w,o+w [0m[4;36m–ø–∞–ø–∫–∞[0m

